13:11:56.425570, 02/02/2025 
	[Errno 2] No such file or directory: 'channels.json'

13:13:56.429097, 02/02/2025 
	[Errno 2] No such file or directory: 'channels.json'

13:15:56.433440, 02/02/2025 
	[Errno 2] No such file or directory: 'channels.json'

